0 silly argv {
0 silly argv   _: [ 'run' ],
0 silly argv   stream: true,
0 silly argv   scope: '@ts-dev-tools/core',
0 silly argv   lernaVersion: '9.0.7',
0 silly argv   '$0': '/usr/local/bin/lerna',
0 silly argv   script: 'build'
0 silly argv }
1 notice cli v9.0.7
2 verbose packageConfigs Explicit "packages" configuration found in lerna.json. Resolving packages using the configured glob(s): ["packages/*"]
3 verbose rootPath /home/runner/work/ts-dev-tools/ts-dev-tools
4 error - pnpm-lock.yaml:
4 error        Error: Could not find ".modules.yaml" at "/home/runner/work/ts-dev-tools/ts-dev-tools/node_modules/.modules.yaml"
4 error            at loadPnpmHoistedDepsDefinition (/usr/local/lib/node_modules/lerna/node_modules/nx/dist/src/plugins/js/lock-file/utils/pnpm-normalizer.js:40:15)
4 error            at getNodes (/usr/local/lib/node_modules/lerna/node_modules/nx/dist/src/plugins/js/lock-file/pnpm-parser.js:307:77)
4 error            at getPnpmLockfileNodes (/usr/local/lib/node_modules/lerna/node_modules/nx/dist/src/plugins/js/lock-file/pnpm-parser.js:39:12)
4 error            at getLockFileNodes (/usr/local/lib/node_modules/lerna/node_modules/nx/dist/src/plugins/js/lock-file/lock-file.js:53:59)
4 error            at internalCreateNodes (/usr/local/lib/node_modules/lerna/node_modules/nx/dist/src/plugins/js/index.js:53:79)
4 error            at /usr/local/lib/node_modules/lerna/node_modules/nx/dist/src/project-graph/plugins/utils.js:8:33
4 error            at Array.map (<anonymous>)
4 error            at createNodesFromFiles (/usr/local/lib/node_modules/lerna/node_modules/nx/dist/src/project-graph/plugins/utils.js:6:51)
4 error            at exports.createNodesV2 (/usr/local/lib/node_modules/lerna/node_modules/nx/dist/src/plugins/js/index.js:27:51)
